// Jest Snapshot v1, https://goo.gl/fbAQLP

exports[`render NotFoundPage 1`] = `
<div>
  <p>
    404
  </p>
  <Link
    replace={false}
    to="/"
  >
    Home
  </Link>
</div>
`;
